// Jest Snapshot v1, https://goo.gl/fbAQLP

exports[`store/reducer exercises should acknowledge an exercise 1`] = `
Object {
  "byId": Object {
    "1": Object {
      "done": true,
      "id": "1",
      "name": "Chess press",
      "progress": null,
      "steps": Array [
        Object {
          "done": true,
          "id": "1",
          "kg": 30,
          "repetition": 15,
          "rest": 60,
        },
        Object {
          "done": true,
          "id": "2",
          "kg": 30,
          "repetition": 10,
          "rest": 60,
        },
        Object {
          "done": true,
          "id": "3",
          "kg": 30,
          "repetition": 10,
          "rest": 60,
        },
        Object {
          "done": true,
          "id": "4",
          "kg": 30,
          "repetition": 10,
          "rest": 60,
        },
      ],
      "type": "repetition",
    },
    "2": Object {
      "done": false,
      "id": "2",
      "name": "Leg press",
      "progress": null,
      "steps": Array [
        Object {
          "done": true,
          "id": "1",
          "kg": 30,
          "repetition": 15,
          "rest": 60,
        },
        Object {
          "done": true,
          "id": "2",
          "kg": 30,
          "repetition": 10,
          "rest": 60,
        },
        Object {
          "done": true,
          "id": "3",
          "kg": 30,
          "repetition": 10,
          "rest": 60,
        },
        Object {
          "done": true,
          "id": "4",
          "kg": 30,
          "repetition": 10,
          "rest": 60,
        },
      ],
      "type": "repetition",
    },
    "3": Object {
      "done": false,
      "id": "3",
      "name": "Abs",
      "progress": null,
      "steps": Array [
        Object {
          "done": true,
          "duration": 120,
          "id": "1",
          "rest": 60,
        },
        Object {
          "done": false,
          "duration": 120,
          "id": "2",
          "rest": 60,
        },
        Object {
          "done": false,
          "duration": 120,
          "id": "3",
          "rest": 60,
        },
        Object {
          "done": false,
          "duration": 120,
          "id": "4",
          "rest": 60,
        },
      ],
      "type": "timed",
    },
  },
  "error": null,
  "ids": Array [
    "1",
    "2",
    "3",
  ],
  "loading": false,
}
`;

exports[`store/reducer exercises should acknowledge an exercise 2`] = `
Object {
  "byId": Object {
    "1": Object {
      "done": true,
      "id": "1",
      "name": "Chess press",
      "progress": null,
      "steps": Array [
        Object {
          "done": true,
          "id": "1",
          "kg": 30,
          "repetition": 15,
          "rest": 60,
        },
        Object {
          "done": true,
          "id": "2",
          "kg": 30,
          "repetition": 10,
          "rest": 60,
        },
        Object {
          "done": true,
          "id": "3",
          "kg": 30,
          "repetition": 10,
          "rest": 60,
        },
        Object {
          "done": true,
          "id": "4",
          "kg": 30,
          "repetition": 10,
          "rest": 60,
        },
      ],
      "type": "repetition",
    },
    "2": Object {
      "done": true,
      "id": "2",
      "name": "Leg press",
      "progress": null,
      "steps": Array [
        Object {
          "done": true,
          "id": "1",
          "kg": 30,
          "repetition": 15,
          "rest": 60,
        },
        Object {
          "done": true,
          "id": "2",
          "kg": 30,
          "repetition": 10,
          "rest": 60,
        },
        Object {
          "done": true,
          "id": "3",
          "kg": 30,
          "repetition": 10,
          "rest": 60,
        },
        Object {
          "done": true,
          "id": "4",
          "kg": 30,
          "repetition": 10,
          "rest": 60,
        },
      ],
      "type": "repetition",
    },
    "3": Object {
      "done": false,
      "id": "3",
      "name": "Abs",
      "progress": null,
      "steps": Array [
        Object {
          "done": true,
          "duration": 120,
          "id": "1",
          "rest": 60,
        },
        Object {
          "done": false,
          "duration": 120,
          "id": "2",
          "rest": 60,
        },
        Object {
          "done": false,
          "duration": 120,
          "id": "3",
          "rest": 60,
        },
        Object {
          "done": false,
          "duration": 120,
          "id": "4",
          "rest": 60,
        },
      ],
      "type": "timed",
    },
  },
  "error": null,
  "ids": Array [
    "1",
    "2",
    "3",
  ],
  "loading": false,
}
`;

exports[`store/reducer exercises should acknowledge an exercise 3`] = `
Object {
  "byId": Object {
    "1": Object {
      "done": true,
      "id": "1",
      "name": "Chess press",
      "progress": null,
      "steps": Array [
        Object {
          "done": true,
          "id": "1",
          "kg": 30,
          "repetition": 15,
          "rest": 60,
        },
        Object {
          "done": true,
          "id": "2",
          "kg": 30,
          "repetition": 10,
          "rest": 60,
        },
        Object {
          "done": true,
          "id": "3",
          "kg": 30,
          "repetition": 10,
          "rest": 60,
        },
        Object {
          "done": true,
          "id": "4",
          "kg": 30,
          "repetition": 10,
          "rest": 60,
        },
      ],
      "type": "repetition",
    },
    "2": Object {
      "done": false,
      "id": "2",
      "name": "Leg press",
      "progress": null,
      "steps": Array [
        Object {
          "done": true,
          "id": "1",
          "kg": 30,
          "repetition": 15,
          "rest": 60,
        },
        Object {
          "done": true,
          "id": "2",
          "kg": 30,
          "repetition": 10,
          "rest": 60,
        },
        Object {
          "done": true,
          "id": "3",
          "kg": 30,
          "repetition": 10,
          "rest": 60,
        },
        Object {
          "done": true,
          "id": "4",
          "kg": 30,
          "repetition": 10,
          "rest": 60,
        },
      ],
      "type": "repetition",
    },
    "3": Object {
      "done": false,
      "id": "3",
      "name": "Abs",
      "progress": null,
      "steps": Array [
        Object {
          "done": true,
          "duration": 120,
          "id": "1",
          "rest": 60,
        },
        Object {
          "done": false,
          "duration": 120,
          "id": "2",
          "rest": 60,
        },
        Object {
          "done": false,
          "duration": 120,
          "id": "3",
          "rest": 60,
        },
        Object {
          "done": false,
          "duration": 120,
          "id": "4",
          "rest": 60,
        },
      ],
      "type": "timed",
    },
  },
  "error": null,
  "ids": Array [
    "1",
    "2",
    "3",
  ],
  "loading": false,
}
`;

exports[`store/reducer exercises should acknowledge an exercise step 1`] = `
Object {
  "byId": Object {
    "1": Object {
      "done": true,
      "id": "1",
      "name": "Chess press",
      "progress": null,
      "steps": Array [
        Object {
          "done": true,
          "id": "1",
          "kg": 30,
          "repetition": 15,
          "rest": 60,
        },
        Object {
          "done": true,
          "id": "2",
          "kg": 30,
          "repetition": 10,
          "rest": 60,
        },
        Object {
          "done": true,
          "id": "3",
          "kg": 30,
          "repetition": 10,
          "rest": 60,
        },
        Object {
          "done": true,
          "id": "4",
          "kg": 30,
          "repetition": 10,
          "rest": 60,
        },
      ],
      "type": "repetition",
    },
    "2": Object {
      "done": false,
      "id": "2",
      "name": "Leg press",
      "progress": null,
      "steps": Array [
        Object {
          "done": true,
          "id": "1",
          "kg": 30,
          "repetition": 15,
          "rest": 60,
        },
        Object {
          "done": true,
          "id": "2",
          "kg": 30,
          "repetition": 10,
          "rest": 60,
        },
        Object {
          "done": true,
          "id": "3",
          "kg": 30,
          "repetition": 10,
          "rest": 60,
        },
        Object {
          "done": true,
          "id": "4",
          "kg": 30,
          "repetition": 10,
          "rest": 60,
        },
      ],
      "type": "repetition",
    },
    "3": Object {
      "done": false,
      "id": "3",
      "name": "Abs",
      "progress": null,
      "steps": Array [
        Object {
          "done": true,
          "duration": 120,
          "id": "1",
          "rest": 60,
        },
        Object {
          "done": false,
          "duration": 120,
          "id": "2",
          "rest": 60,
        },
        Object {
          "done": false,
          "duration": 120,
          "id": "3",
          "rest": 60,
        },
        Object {
          "done": false,
          "duration": 120,
          "id": "4",
          "rest": 60,
        },
      ],
      "type": "timed",
    },
  },
  "error": null,
  "ids": Array [
    "1",
    "2",
    "3",
  ],
  "loading": false,
}
`;

exports[`store/reducer exercises should acknowledge an exercise step 2`] = `
Object {
  "byId": Object {
    "1": Object {
      "done": true,
      "id": "1",
      "name": "Chess press",
      "progress": null,
      "steps": Array [
        Object {
          "done": true,
          "id": "1",
          "kg": 30,
          "repetition": 15,
          "rest": 60,
        },
        Object {
          "done": true,
          "id": "2",
          "kg": 30,
          "repetition": 10,
          "rest": 60,
        },
        Object {
          "done": true,
          "id": "3",
          "kg": 30,
          "repetition": 10,
          "rest": 60,
        },
        Object {
          "done": true,
          "id": "4",
          "kg": 30,
          "repetition": 10,
          "rest": 60,
        },
      ],
      "type": "repetition",
    },
    "2": Object {
      "done": false,
      "id": "2",
      "name": "Leg press",
      "progress": null,
      "steps": Array [
        Object {
          "done": true,
          "id": "1",
          "kg": 30,
          "repetition": 15,
          "rest": 60,
        },
        Object {
          "done": true,
          "id": "2",
          "kg": 30,
          "repetition": 10,
          "rest": 60,
        },
        Object {
          "done": true,
          "id": "3",
          "kg": 30,
          "repetition": 10,
          "rest": 60,
        },
        Object {
          "done": true,
          "id": "4",
          "kg": 30,
          "repetition": 10,
          "rest": 60,
        },
      ],
      "type": "repetition",
    },
    "3": Object {
      "done": false,
      "id": "3",
      "name": "Abs",
      "progress": null,
      "steps": Array [
        Object {
          "done": true,
          "duration": 120,
          "id": "1",
          "rest": 60,
        },
        Object {
          "done": true,
          "duration": 120,
          "id": "2",
          "rest": 60,
        },
        Object {
          "done": false,
          "duration": 120,
          "id": "3",
          "rest": 60,
        },
        Object {
          "done": false,
          "duration": 120,
          "id": "4",
          "rest": 60,
        },
      ],
      "type": "timed",
    },
  },
  "error": null,
  "ids": Array [
    "1",
    "2",
    "3",
  ],
  "loading": false,
}
`;

exports[`store/reducer exercises should acknowledge an exercise step 3`] = `
Object {
  "byId": Object {
    "1": Object {
      "done": true,
      "id": "1",
      "name": "Chess press",
      "progress": null,
      "steps": Array [
        Object {
          "done": true,
          "id": "1",
          "kg": 30,
          "repetition": 15,
          "rest": 60,
        },
        Object {
          "done": true,
          "id": "2",
          "kg": 30,
          "repetition": 10,
          "rest": 60,
        },
        Object {
          "done": true,
          "id": "3",
          "kg": 30,
          "repetition": 10,
          "rest": 60,
        },
        Object {
          "done": true,
          "id": "4",
          "kg": 30,
          "repetition": 10,
          "rest": 60,
        },
      ],
      "type": "repetition",
    },
    "2": Object {
      "done": false,
      "id": "2",
      "name": "Leg press",
      "progress": null,
      "steps": Array [
        Object {
          "done": true,
          "id": "1",
          "kg": 30,
          "repetition": 15,
          "rest": 60,
        },
        Object {
          "done": true,
          "id": "2",
          "kg": 30,
          "repetition": 10,
          "rest": 60,
        },
        Object {
          "done": true,
          "id": "3",
          "kg": 30,
          "repetition": 10,
          "rest": 60,
        },
        Object {
          "done": true,
          "id": "4",
          "kg": 30,
          "repetition": 10,
          "rest": 60,
        },
      ],
      "type": "repetition",
    },
    "3": Object {
      "done": false,
      "id": "3",
      "name": "Abs",
      "progress": null,
      "steps": Array [
        Object {
          "done": true,
          "duration": 120,
          "id": "1",
          "rest": 60,
        },
        Object {
          "done": false,
          "duration": 120,
          "id": "2",
          "rest": 60,
        },
        Object {
          "done": false,
          "duration": 120,
          "id": "3",
          "rest": 60,
        },
        Object {
          "done": false,
          "duration": 120,
          "id": "4",
          "rest": 60,
        },
      ],
      "type": "timed",
    },
  },
  "error": null,
  "ids": Array [
    "1",
    "2",
    "3",
  ],
  "loading": false,
}
`;

exports[`store/reducer exercises should add exercise 1`] = `
Object {
  "byId": Object {},
  "error": null,
  "ids": Array [],
  "loading": false,
}
`;

exports[`store/reducer exercises should add exercise 2`] = `
Object {
  "byId": Object {
    "1": Object {
      "done": true,
      "id": "1",
      "name": "Chess press",
      "progress": null,
      "steps": Array [
        Object {
          "done": true,
          "id": "1",
          "kg": 30,
          "repetition": 15,
          "rest": 60,
        },
        Object {
          "done": true,
          "id": "2",
          "kg": 30,
          "repetition": 10,
          "rest": 60,
        },
        Object {
          "done": true,
          "id": "3",
          "kg": 30,
          "repetition": 10,
          "rest": 60,
        },
        Object {
          "done": true,
          "id": "4",
          "kg": 30,
          "repetition": 10,
          "rest": 60,
        },
      ],
      "type": "repetition",
    },
  },
  "error": null,
  "ids": Array [
    "1",
  ],
  "loading": false,
}
`;

exports[`store/reducer exercises should add exercise 3`] = `
Object {
  "byId": Object {},
  "error": null,
  "ids": Array [],
  "loading": false,
}
`;

exports[`store/reducer exercises should cancel an exercise 1`] = `
Object {
  "byId": Object {
    "1": Object {
      "done": true,
      "id": "1",
      "name": "Chess press",
      "progress": null,
      "steps": Array [
        Object {
          "done": true,
          "id": "1",
          "kg": 30,
          "repetition": 15,
          "rest": 60,
        },
        Object {
          "done": true,
          "id": "2",
          "kg": 30,
          "repetition": 10,
          "rest": 60,
        },
        Object {
          "done": true,
          "id": "3",
          "kg": 30,
          "repetition": 10,
          "rest": 60,
        },
        Object {
          "done": true,
          "id": "4",
          "kg": 30,
          "repetition": 10,
          "rest": 60,
        },
      ],
      "type": "repetition",
    },
    "2": Object {
      "done": false,
      "id": "2",
      "name": "Leg press",
      "progress": null,
      "steps": Array [
        Object {
          "done": true,
          "id": "1",
          "kg": 30,
          "repetition": 15,
          "rest": 60,
        },
        Object {
          "done": true,
          "id": "2",
          "kg": 30,
          "repetition": 10,
          "rest": 60,
        },
        Object {
          "done": true,
          "id": "3",
          "kg": 30,
          "repetition": 10,
          "rest": 60,
        },
        Object {
          "done": true,
          "id": "4",
          "kg": 30,
          "repetition": 10,
          "rest": 60,
        },
      ],
      "type": "repetition",
    },
    "3": Object {
      "done": false,
      "id": "3",
      "name": "Abs",
      "progress": null,
      "steps": Array [
        Object {
          "done": true,
          "duration": 120,
          "id": "1",
          "rest": 60,
        },
        Object {
          "done": false,
          "duration": 120,
          "id": "2",
          "rest": 60,
        },
        Object {
          "done": false,
          "duration": 120,
          "id": "3",
          "rest": 60,
        },
        Object {
          "done": false,
          "duration": 120,
          "id": "4",
          "rest": 60,
        },
      ],
      "type": "timed",
    },
  },
  "error": null,
  "ids": Array [
    "1",
    "2",
    "3",
  ],
  "loading": false,
}
`;

exports[`store/reducer exercises should cancel an exercise 2`] = `
Object {
  "byId": Object {
    "1": Object {
      "done": false,
      "id": "1",
      "name": "Chess press",
      "progress": null,
      "steps": Array [
        Object {
          "done": false,
          "id": "1",
          "kg": 30,
          "repetition": 15,
          "rest": 60,
        },
        Object {
          "done": false,
          "id": "2",
          "kg": 30,
          "repetition": 10,
          "rest": 60,
        },
        Object {
          "done": false,
          "id": "3",
          "kg": 30,
          "repetition": 10,
          "rest": 60,
        },
        Object {
          "done": false,
          "id": "4",
          "kg": 30,
          "repetition": 10,
          "rest": 60,
        },
      ],
      "type": "repetition",
    },
    "2": Object {
      "done": false,
      "id": "2",
      "name": "Leg press",
      "progress": null,
      "steps": Array [
        Object {
          "done": true,
          "id": "1",
          "kg": 30,
          "repetition": 15,
          "rest": 60,
        },
        Object {
          "done": true,
          "id": "2",
          "kg": 30,
          "repetition": 10,
          "rest": 60,
        },
        Object {
          "done": true,
          "id": "3",
          "kg": 30,
          "repetition": 10,
          "rest": 60,
        },
        Object {
          "done": true,
          "id": "4",
          "kg": 30,
          "repetition": 10,
          "rest": 60,
        },
      ],
      "type": "repetition",
    },
    "3": Object {
      "done": false,
      "id": "3",
      "name": "Abs",
      "progress": null,
      "steps": Array [
        Object {
          "done": true,
          "duration": 120,
          "id": "1",
          "rest": 60,
        },
        Object {
          "done": false,
          "duration": 120,
          "id": "2",
          "rest": 60,
        },
        Object {
          "done": false,
          "duration": 120,
          "id": "3",
          "rest": 60,
        },
        Object {
          "done": false,
          "duration": 120,
          "id": "4",
          "rest": 60,
        },
      ],
      "type": "timed",
    },
  },
  "error": null,
  "ids": Array [
    "1",
    "2",
    "3",
  ],
  "loading": false,
}
`;

exports[`store/reducer exercises should cancel an exercise 3`] = `
Object {
  "byId": Object {
    "1": Object {
      "done": true,
      "id": "1",
      "name": "Chess press",
      "progress": null,
      "steps": Array [
        Object {
          "done": true,
          "id": "1",
          "kg": 30,
          "repetition": 15,
          "rest": 60,
        },
        Object {
          "done": true,
          "id": "2",
          "kg": 30,
          "repetition": 10,
          "rest": 60,
        },
        Object {
          "done": true,
          "id": "3",
          "kg": 30,
          "repetition": 10,
          "rest": 60,
        },
        Object {
          "done": true,
          "id": "4",
          "kg": 30,
          "repetition": 10,
          "rest": 60,
        },
      ],
      "type": "repetition",
    },
    "2": Object {
      "done": false,
      "id": "2",
      "name": "Leg press",
      "progress": null,
      "steps": Array [
        Object {
          "done": true,
          "id": "1",
          "kg": 30,
          "repetition": 15,
          "rest": 60,
        },
        Object {
          "done": true,
          "id": "2",
          "kg": 30,
          "repetition": 10,
          "rest": 60,
        },
        Object {
          "done": true,
          "id": "3",
          "kg": 30,
          "repetition": 10,
          "rest": 60,
        },
        Object {
          "done": true,
          "id": "4",
          "kg": 30,
          "repetition": 10,
          "rest": 60,
        },
      ],
      "type": "repetition",
    },
    "3": Object {
      "done": false,
      "id": "3",
      "name": "Abs",
      "progress": null,
      "steps": Array [
        Object {
          "done": true,
          "duration": 120,
          "id": "1",
          "rest": 60,
        },
        Object {
          "done": false,
          "duration": 120,
          "id": "2",
          "rest": 60,
        },
        Object {
          "done": false,
          "duration": 120,
          "id": "3",
          "rest": 60,
        },
        Object {
          "done": false,
          "duration": 120,
          "id": "4",
          "rest": 60,
        },
      ],
      "type": "timed",
    },
  },
  "error": null,
  "ids": Array [
    "1",
    "2",
    "3",
  ],
  "loading": false,
}
`;

exports[`store/reducer exercises should cancel an exercise step 1`] = `
Object {
  "byId": Object {
    "1": Object {
      "done": true,
      "id": "1",
      "name": "Chess press",
      "progress": null,
      "steps": Array [
        Object {
          "done": true,
          "id": "1",
          "kg": 30,
          "repetition": 15,
          "rest": 60,
        },
        Object {
          "done": true,
          "id": "2",
          "kg": 30,
          "repetition": 10,
          "rest": 60,
        },
        Object {
          "done": true,
          "id": "3",
          "kg": 30,
          "repetition": 10,
          "rest": 60,
        },
        Object {
          "done": true,
          "id": "4",
          "kg": 30,
          "repetition": 10,
          "rest": 60,
        },
      ],
      "type": "repetition",
    },
    "2": Object {
      "done": false,
      "id": "2",
      "name": "Leg press",
      "progress": null,
      "steps": Array [
        Object {
          "done": true,
          "id": "1",
          "kg": 30,
          "repetition": 15,
          "rest": 60,
        },
        Object {
          "done": true,
          "id": "2",
          "kg": 30,
          "repetition": 10,
          "rest": 60,
        },
        Object {
          "done": true,
          "id": "3",
          "kg": 30,
          "repetition": 10,
          "rest": 60,
        },
        Object {
          "done": true,
          "id": "4",
          "kg": 30,
          "repetition": 10,
          "rest": 60,
        },
      ],
      "type": "repetition",
    },
    "3": Object {
      "done": false,
      "id": "3",
      "name": "Abs",
      "progress": null,
      "steps": Array [
        Object {
          "done": true,
          "duration": 120,
          "id": "1",
          "rest": 60,
        },
        Object {
          "done": false,
          "duration": 120,
          "id": "2",
          "rest": 60,
        },
        Object {
          "done": false,
          "duration": 120,
          "id": "3",
          "rest": 60,
        },
        Object {
          "done": false,
          "duration": 120,
          "id": "4",
          "rest": 60,
        },
      ],
      "type": "timed",
    },
  },
  "error": null,
  "ids": Array [
    "1",
    "2",
    "3",
  ],
  "loading": false,
}
`;

exports[`store/reducer exercises should cancel an exercise step 2`] = `
Object {
  "byId": Object {
    "1": Object {
      "done": true,
      "id": "1",
      "name": "Chess press",
      "progress": null,
      "steps": Array [
        Object {
          "done": true,
          "id": "1",
          "kg": 30,
          "repetition": 15,
          "rest": 60,
        },
        Object {
          "done": true,
          "id": "2",
          "kg": 30,
          "repetition": 10,
          "rest": 60,
        },
        Object {
          "done": true,
          "id": "3",
          "kg": 30,
          "repetition": 10,
          "rest": 60,
        },
        Object {
          "done": true,
          "id": "4",
          "kg": 30,
          "repetition": 10,
          "rest": 60,
        },
      ],
      "type": "repetition",
    },
    "2": Object {
      "done": false,
      "id": "2",
      "name": "Leg press",
      "progress": null,
      "steps": Array [
        Object {
          "done": true,
          "id": "1",
          "kg": 30,
          "repetition": 15,
          "rest": 60,
        },
        Object {
          "done": true,
          "id": "2",
          "kg": 30,
          "repetition": 10,
          "rest": 60,
        },
        Object {
          "done": true,
          "id": "3",
          "kg": 30,
          "repetition": 10,
          "rest": 60,
        },
        Object {
          "done": true,
          "id": "4",
          "kg": 30,
          "repetition": 10,
          "rest": 60,
        },
      ],
      "type": "repetition",
    },
    "3": Object {
      "done": false,
      "id": "3",
      "name": "Abs",
      "progress": null,
      "steps": Array [
        Object {
          "done": false,
          "duration": 120,
          "id": "1",
          "rest": 60,
        },
        Object {
          "done": false,
          "duration": 120,
          "id": "2",
          "rest": 60,
        },
        Object {
          "done": false,
          "duration": 120,
          "id": "3",
          "rest": 60,
        },
        Object {
          "done": false,
          "duration": 120,
          "id": "4",
          "rest": 60,
        },
      ],
      "type": "timed",
    },
  },
  "error": null,
  "ids": Array [
    "1",
    "2",
    "3",
  ],
  "loading": false,
}
`;

exports[`store/reducer exercises should cancel an exercise step 3`] = `
Object {
  "byId": Object {
    "1": Object {
      "done": true,
      "id": "1",
      "name": "Chess press",
      "progress": null,
      "steps": Array [
        Object {
          "done": true,
          "id": "1",
          "kg": 30,
          "repetition": 15,
          "rest": 60,
        },
        Object {
          "done": true,
          "id": "2",
          "kg": 30,
          "repetition": 10,
          "rest": 60,
        },
        Object {
          "done": true,
          "id": "3",
          "kg": 30,
          "repetition": 10,
          "rest": 60,
        },
        Object {
          "done": true,
          "id": "4",
          "kg": 30,
          "repetition": 10,
          "rest": 60,
        },
      ],
      "type": "repetition",
    },
    "2": Object {
      "done": false,
      "id": "2",
      "name": "Leg press",
      "progress": null,
      "steps": Array [
        Object {
          "done": true,
          "id": "1",
          "kg": 30,
          "repetition": 15,
          "rest": 60,
        },
        Object {
          "done": true,
          "id": "2",
          "kg": 30,
          "repetition": 10,
          "rest": 60,
        },
        Object {
          "done": true,
          "id": "3",
          "kg": 30,
          "repetition": 10,
          "rest": 60,
        },
        Object {
          "done": true,
          "id": "4",
          "kg": 30,
          "repetition": 10,
          "rest": 60,
        },
      ],
      "type": "repetition",
    },
    "3": Object {
      "done": false,
      "id": "3",
      "name": "Abs",
      "progress": null,
      "steps": Array [
        Object {
          "done": true,
          "duration": 120,
          "id": "1",
          "rest": 60,
        },
        Object {
          "done": false,
          "duration": 120,
          "id": "2",
          "rest": 60,
        },
        Object {
          "done": false,
          "duration": 120,
          "id": "3",
          "rest": 60,
        },
        Object {
          "done": false,
          "duration": 120,
          "id": "4",
          "rest": 60,
        },
      ],
      "type": "timed",
    },
  },
  "error": null,
  "ids": Array [
    "1",
    "2",
    "3",
  ],
  "loading": false,
}
`;

exports[`store/reducer exercises should delete exercise 1`] = `
Object {
  "byId": Object {
    "1": Object {
      "done": true,
      "id": "1",
      "name": "Chess press",
      "progress": null,
      "steps": Array [
        Object {
          "done": true,
          "id": "1",
          "kg": 30,
          "repetition": 15,
          "rest": 60,
        },
        Object {
          "done": true,
          "id": "2",
          "kg": 30,
          "repetition": 10,
          "rest": 60,
        },
        Object {
          "done": true,
          "id": "3",
          "kg": 30,
          "repetition": 10,
          "rest": 60,
        },
        Object {
          "done": true,
          "id": "4",
          "kg": 30,
          "repetition": 10,
          "rest": 60,
        },
      ],
      "type": "repetition",
    },
    "2": Object {
      "done": false,
      "id": "2",
      "name": "Leg press",
      "progress": null,
      "steps": Array [
        Object {
          "done": true,
          "id": "1",
          "kg": 30,
          "repetition": 15,
          "rest": 60,
        },
        Object {
          "done": true,
          "id": "2",
          "kg": 30,
          "repetition": 10,
          "rest": 60,
        },
        Object {
          "done": true,
          "id": "3",
          "kg": 30,
          "repetition": 10,
          "rest": 60,
        },
        Object {
          "done": true,
          "id": "4",
          "kg": 30,
          "repetition": 10,
          "rest": 60,
        },
      ],
      "type": "repetition",
    },
    "3": Object {
      "done": false,
      "id": "3",
      "name": "Abs",
      "progress": null,
      "steps": Array [
        Object {
          "done": true,
          "duration": 120,
          "id": "1",
          "rest": 60,
        },
        Object {
          "done": false,
          "duration": 120,
          "id": "2",
          "rest": 60,
        },
        Object {
          "done": false,
          "duration": 120,
          "id": "3",
          "rest": 60,
        },
        Object {
          "done": false,
          "duration": 120,
          "id": "4",
          "rest": 60,
        },
      ],
      "type": "timed",
    },
  },
  "error": null,
  "ids": Array [
    "1",
    "2",
    "3",
  ],
  "loading": false,
}
`;

exports[`store/reducer exercises should delete exercise 2`] = `
Object {
  "byId": Object {
    "2": Object {
      "done": false,
      "id": "2",
      "name": "Leg press",
      "progress": null,
      "steps": Array [
        Object {
          "done": true,
          "id": "1",
          "kg": 30,
          "repetition": 15,
          "rest": 60,
        },
        Object {
          "done": true,
          "id": "2",
          "kg": 30,
          "repetition": 10,
          "rest": 60,
        },
        Object {
          "done": true,
          "id": "3",
          "kg": 30,
          "repetition": 10,
          "rest": 60,
        },
        Object {
          "done": true,
          "id": "4",
          "kg": 30,
          "repetition": 10,
          "rest": 60,
        },
      ],
      "type": "repetition",
    },
    "3": Object {
      "done": false,
      "id": "3",
      "name": "Abs",
      "progress": null,
      "steps": Array [
        Object {
          "done": true,
          "duration": 120,
          "id": "1",
          "rest": 60,
        },
        Object {
          "done": false,
          "duration": 120,
          "id": "2",
          "rest": 60,
        },
        Object {
          "done": false,
          "duration": 120,
          "id": "3",
          "rest": 60,
        },
        Object {
          "done": false,
          "duration": 120,
          "id": "4",
          "rest": 60,
        },
      ],
      "type": "timed",
    },
  },
  "error": null,
  "ids": Array [
    "2",
    "3",
  ],
  "loading": false,
}
`;

exports[`store/reducer exercises should delete exercise 3`] = `
Object {
  "byId": Object {
    "1": Object {
      "done": true,
      "id": "1",
      "name": "Chess press",
      "progress": null,
      "steps": Array [
        Object {
          "done": true,
          "id": "1",
          "kg": 30,
          "repetition": 15,
          "rest": 60,
        },
        Object {
          "done": true,
          "id": "2",
          "kg": 30,
          "repetition": 10,
          "rest": 60,
        },
        Object {
          "done": true,
          "id": "3",
          "kg": 30,
          "repetition": 10,
          "rest": 60,
        },
        Object {
          "done": true,
          "id": "4",
          "kg": 30,
          "repetition": 10,
          "rest": 60,
        },
      ],
      "type": "repetition",
    },
    "2": Object {
      "done": false,
      "id": "2",
      "name": "Leg press",
      "progress": null,
      "steps": Array [
        Object {
          "done": true,
          "id": "1",
          "kg": 30,
          "repetition": 15,
          "rest": 60,
        },
        Object {
          "done": true,
          "id": "2",
          "kg": 30,
          "repetition": 10,
          "rest": 60,
        },
        Object {
          "done": true,
          "id": "3",
          "kg": 30,
          "repetition": 10,
          "rest": 60,
        },
        Object {
          "done": true,
          "id": "4",
          "kg": 30,
          "repetition": 10,
          "rest": 60,
        },
      ],
      "type": "repetition",
    },
    "3": Object {
      "done": false,
      "id": "3",
      "name": "Abs",
      "progress": null,
      "steps": Array [
        Object {
          "done": true,
          "duration": 120,
          "id": "1",
          "rest": 60,
        },
        Object {
          "done": false,
          "duration": 120,
          "id": "2",
          "rest": 60,
        },
        Object {
          "done": false,
          "duration": 120,
          "id": "3",
          "rest": 60,
        },
        Object {
          "done": false,
          "duration": 120,
          "id": "4",
          "rest": 60,
        },
      ],
      "type": "timed",
    },
  },
  "error": null,
  "ids": Array [
    "1",
    "2",
    "3",
  ],
  "loading": false,
}
`;

exports[`store/reducer exercises should fetch a specific exercise 1`] = `
Object {
  "byId": Object {},
  "error": null,
  "ids": Array [],
  "loading": true,
}
`;

exports[`store/reducer exercises should fetch a specific exercise 2`] = `
Object {
  "byId": Object {
    "1": Object {
      "done": true,
      "id": "1",
      "name": "Chess press",
      "progress": null,
      "steps": Array [
        Object {
          "done": true,
          "id": "1",
          "kg": 30,
          "repetition": 15,
          "rest": 60,
        },
        Object {
          "done": true,
          "id": "2",
          "kg": 30,
          "repetition": 10,
          "rest": 60,
        },
        Object {
          "done": true,
          "id": "3",
          "kg": 30,
          "repetition": 10,
          "rest": 60,
        },
        Object {
          "done": true,
          "id": "4",
          "kg": 30,
          "repetition": 10,
          "rest": 60,
        },
      ],
      "type": "repetition",
    },
  },
  "error": null,
  "ids": Array [
    "1",
  ],
  "loading": false,
}
`;

exports[`store/reducer exercises should fetch a specific exercise 3`] = `
Object {
  "byId": Object {},
  "error": Object {
    "message": "A failure message",
  },
  "ids": Array [],
  "loading": false,
}
`;

exports[`store/reducer exercises should fetch all exercises 1`] = `
Object {
  "byId": Object {},
  "error": null,
  "ids": Array [],
  "loading": true,
}
`;

exports[`store/reducer exercises should fetch all exercises 2`] = `
Object {
  "byId": Object {
    "1": Object {
      "done": true,
      "id": "1",
      "name": "Chess press",
      "progress": null,
      "steps": Array [
        Object {
          "done": true,
          "id": "1",
          "kg": 30,
          "repetition": 15,
          "rest": 60,
        },
        Object {
          "done": true,
          "id": "2",
          "kg": 30,
          "repetition": 10,
          "rest": 60,
        },
        Object {
          "done": true,
          "id": "3",
          "kg": 30,
          "repetition": 10,
          "rest": 60,
        },
        Object {
          "done": true,
          "id": "4",
          "kg": 30,
          "repetition": 10,
          "rest": 60,
        },
      ],
      "type": "repetition",
    },
    "2": Object {
      "done": false,
      "id": "2",
      "name": "Leg press",
      "progress": null,
      "steps": Array [
        Object {
          "done": true,
          "id": "1",
          "kg": 30,
          "repetition": 15,
          "rest": 60,
        },
        Object {
          "done": true,
          "id": "2",
          "kg": 30,
          "repetition": 10,
          "rest": 60,
        },
        Object {
          "done": true,
          "id": "3",
          "kg": 30,
          "repetition": 10,
          "rest": 60,
        },
        Object {
          "done": true,
          "id": "4",
          "kg": 30,
          "repetition": 10,
          "rest": 60,
        },
      ],
      "type": "repetition",
    },
    "3": Object {
      "done": false,
      "id": "3",
      "name": "Abs",
      "progress": null,
      "steps": Array [
        Object {
          "done": true,
          "duration": 120,
          "id": "1",
          "rest": 60,
        },
        Object {
          "done": false,
          "duration": 120,
          "id": "2",
          "rest": 60,
        },
        Object {
          "done": false,
          "duration": 120,
          "id": "3",
          "rest": 60,
        },
        Object {
          "done": false,
          "duration": 120,
          "id": "4",
          "rest": 60,
        },
      ],
      "type": "timed",
    },
  },
  "error": null,
  "ids": Array [
    "1",
    "2",
    "3",
  ],
  "loading": false,
}
`;

exports[`store/reducer exercises should fetch all exercises 3`] = `
Object {
  "byId": Object {},
  "error": Object {
    "message": "A failure message",
  },
  "ids": Array [],
  "loading": false,
}
`;
