// Jest Snapshot v1, https://goo.gl/fbAQLP

exports[`exercise/reducer exercises should acknowledge an exercise 1`] = `
Object {
  "byId": Object {
    "1": Object {
      "done": true,
      "id": 1,
      "name": "Chess press",
      "steps": Array [
        Object {
          "done": true,
          "kg": 30,
          "repetition": 15,
          "rest": 60,
        },
        Object {
          "done": true,
          "kg": 30,
          "repetition": 10,
          "rest": 60,
        },
        Object {
          "done": true,
          "kg": 30,
          "repetition": 10,
          "rest": 60,
        },
        Object {
          "done": true,
          "kg": 30,
          "repetition": 10,
          "rest": 60,
        },
      ],
      "type": "repetition",
    },
    "2": Object {
      "done": true,
      "id": 2,
      "name": "Leg press",
      "steps": Array [
        Object {
          "done": true,
          "kg": 70,
          "repetition": 15,
          "rest": 60,
        },
        Object {
          "done": true,
          "kg": 70,
          "repetition": 10,
          "rest": 60,
        },
        Object {
          "done": true,
          "kg": 70,
          "repetition": 10,
          "rest": 60,
        },
        Object {
          "done": true,
          "kg": 70,
          "repetition": 10,
          "rest": 60,
        },
      ],
      "type": "repetition",
    },
    "3": Object {
      "done": false,
      "id": 3,
      "name": "Abs",
      "steps": Array [
        Object {
          "done": true,
          "duration": 120,
          "rest": 60,
        },
        Object {
          "done": false,
          "duration": 120,
          "rest": 60,
        },
        Object {
          "done": false,
          "duration": 120,
          "rest": 60,
        },
        Object {
          "done": false,
          "duration": 120,
          "rest": 60,
        },
      ],
      "type": "timed",
    },
  },
  "error": null,
  "ids": Array [
    1,
    2,
    3,
  ],
  "loading": false,
}
`;

exports[`exercise/reducer exercises should acknowledge an exercise 2`] = `
Object {
  "byId": Object {
    "1": Object {
      "done": true,
      "id": 1,
      "name": "Chess press",
      "steps": Array [
        Object {
          "done": true,
          "kg": 30,
          "repetition": 15,
          "rest": 60,
        },
        Object {
          "done": true,
          "kg": 30,
          "repetition": 10,
          "rest": 60,
        },
        Object {
          "done": true,
          "kg": 30,
          "repetition": 10,
          "rest": 60,
        },
        Object {
          "done": true,
          "kg": 30,
          "repetition": 10,
          "rest": 60,
        },
      ],
      "type": "repetition",
    },
    "2": Object {
      "done": true,
      "id": 2,
      "name": "Leg press",
      "steps": Array [
        Object {
          "done": true,
          "kg": 70,
          "repetition": 15,
          "rest": 60,
        },
        Object {
          "done": true,
          "kg": 70,
          "repetition": 10,
          "rest": 60,
        },
        Object {
          "done": true,
          "kg": 70,
          "repetition": 10,
          "rest": 60,
        },
        Object {
          "done": true,
          "kg": 70,
          "repetition": 10,
          "rest": 60,
        },
      ],
      "type": "repetition",
    },
    "3": Object {
      "done": false,
      "id": 3,
      "name": "Abs",
      "steps": Array [
        Object {
          "done": true,
          "duration": 120,
          "rest": 60,
        },
        Object {
          "done": false,
          "duration": 120,
          "rest": 60,
        },
        Object {
          "done": false,
          "duration": 120,
          "rest": 60,
        },
        Object {
          "done": false,
          "duration": 120,
          "rest": 60,
        },
      ],
      "type": "timed",
    },
  },
  "error": null,
  "ids": Array [
    1,
    2,
    3,
  ],
  "loading": false,
}
`;

exports[`exercise/reducer exercises should acknowledge an exercise 3`] = `
Object {
  "byId": Object {
    "1": Object {
      "done": true,
      "id": 1,
      "name": "Chess press",
      "steps": Array [
        Object {
          "done": true,
          "kg": 30,
          "repetition": 15,
          "rest": 60,
        },
        Object {
          "done": true,
          "kg": 30,
          "repetition": 10,
          "rest": 60,
        },
        Object {
          "done": true,
          "kg": 30,
          "repetition": 10,
          "rest": 60,
        },
        Object {
          "done": true,
          "kg": 30,
          "repetition": 10,
          "rest": 60,
        },
      ],
      "type": "repetition",
    },
    "2": Object {
      "done": false,
      "id": 2,
      "name": "Leg press",
      "steps": Array [
        Object {
          "done": false,
          "kg": 70,
          "repetition": 15,
          "rest": 60,
        },
        Object {
          "done": false,
          "kg": 70,
          "repetition": 10,
          "rest": 60,
        },
        Object {
          "done": false,
          "kg": 70,
          "repetition": 10,
          "rest": 60,
        },
        Object {
          "done": false,
          "kg": 70,
          "repetition": 10,
          "rest": 60,
        },
      ],
      "type": "repetition",
    },
    "3": Object {
      "done": false,
      "id": 3,
      "name": "Abs",
      "steps": Array [
        Object {
          "done": true,
          "duration": 120,
          "rest": 60,
        },
        Object {
          "done": false,
          "duration": 120,
          "rest": 60,
        },
        Object {
          "done": false,
          "duration": 120,
          "rest": 60,
        },
        Object {
          "done": false,
          "duration": 120,
          "rest": 60,
        },
      ],
      "type": "timed",
    },
  },
  "error": null,
  "ids": Array [
    1,
    2,
    3,
  ],
  "loading": false,
}
`;

exports[`exercise/reducer exercises should acknowledge an exercise step 1`] = `
Object {
  "byId": Object {
    "1": Object {
      "done": true,
      "id": 1,
      "name": "Chess press",
      "steps": Array [
        Object {
          "done": true,
          "kg": 30,
          "repetition": 15,
          "rest": 60,
        },
        Object {
          "done": true,
          "kg": 30,
          "repetition": 10,
          "rest": 60,
        },
        Object {
          "done": true,
          "kg": 30,
          "repetition": 10,
          "rest": 60,
        },
        Object {
          "done": true,
          "kg": 30,
          "repetition": 10,
          "rest": 60,
        },
      ],
      "type": "repetition",
    },
    "2": Object {
      "done": false,
      "id": 2,
      "name": "Leg press",
      "steps": Array [
        Object {
          "done": false,
          "kg": 70,
          "repetition": 15,
          "rest": 60,
        },
        Object {
          "done": false,
          "kg": 70,
          "repetition": 10,
          "rest": 60,
        },
        Object {
          "done": false,
          "kg": 70,
          "repetition": 10,
          "rest": 60,
        },
        Object {
          "done": false,
          "kg": 70,
          "repetition": 10,
          "rest": 60,
        },
      ],
      "type": "repetition",
    },
    "3": Object {
      "done": false,
      "id": 3,
      "name": "Abs",
      "steps": Array [
        Object {
          "done": true,
          "duration": 120,
          "rest": 60,
        },
        Object {
          "done": true,
          "duration": 120,
          "rest": 60,
        },
        Object {
          "done": false,
          "duration": 120,
          "rest": 60,
        },
        Object {
          "done": false,
          "duration": 120,
          "rest": 60,
        },
      ],
      "type": "timed",
    },
  },
  "error": null,
  "ids": Array [
    1,
    2,
    3,
  ],
  "loading": false,
}
`;

exports[`exercise/reducer exercises should acknowledge an exercise step 2`] = `
Object {
  "byId": Object {
    "1": Object {
      "done": true,
      "id": 1,
      "name": "Chess press",
      "steps": Array [
        Object {
          "done": true,
          "kg": 30,
          "repetition": 15,
          "rest": 60,
        },
        Object {
          "done": true,
          "kg": 30,
          "repetition": 10,
          "rest": 60,
        },
        Object {
          "done": true,
          "kg": 30,
          "repetition": 10,
          "rest": 60,
        },
        Object {
          "done": true,
          "kg": 30,
          "repetition": 10,
          "rest": 60,
        },
      ],
      "type": "repetition",
    },
    "2": Object {
      "done": false,
      "id": 2,
      "name": "Leg press",
      "steps": Array [
        Object {
          "done": false,
          "kg": 70,
          "repetition": 15,
          "rest": 60,
        },
        Object {
          "done": false,
          "kg": 70,
          "repetition": 10,
          "rest": 60,
        },
        Object {
          "done": false,
          "kg": 70,
          "repetition": 10,
          "rest": 60,
        },
        Object {
          "done": false,
          "kg": 70,
          "repetition": 10,
          "rest": 60,
        },
      ],
      "type": "repetition",
    },
    "3": Object {
      "done": false,
      "id": 3,
      "name": "Abs",
      "steps": Array [
        Object {
          "done": true,
          "duration": 120,
          "rest": 60,
        },
        Object {
          "done": true,
          "duration": 120,
          "rest": 60,
        },
        Object {
          "done": false,
          "duration": 120,
          "rest": 60,
        },
        Object {
          "done": false,
          "duration": 120,
          "rest": 60,
        },
      ],
      "type": "timed",
    },
  },
  "error": null,
  "ids": Array [
    1,
    2,
    3,
  ],
  "loading": false,
}
`;

exports[`exercise/reducer exercises should acknowledge an exercise step 3`] = `
Object {
  "byId": Object {
    "1": Object {
      "done": true,
      "id": 1,
      "name": "Chess press",
      "steps": Array [
        Object {
          "done": true,
          "kg": 30,
          "repetition": 15,
          "rest": 60,
        },
        Object {
          "done": true,
          "kg": 30,
          "repetition": 10,
          "rest": 60,
        },
        Object {
          "done": true,
          "kg": 30,
          "repetition": 10,
          "rest": 60,
        },
        Object {
          "done": true,
          "kg": 30,
          "repetition": 10,
          "rest": 60,
        },
      ],
      "type": "repetition",
    },
    "2": Object {
      "done": false,
      "id": 2,
      "name": "Leg press",
      "steps": Array [
        Object {
          "done": false,
          "kg": 70,
          "repetition": 15,
          "rest": 60,
        },
        Object {
          "done": false,
          "kg": 70,
          "repetition": 10,
          "rest": 60,
        },
        Object {
          "done": false,
          "kg": 70,
          "repetition": 10,
          "rest": 60,
        },
        Object {
          "done": false,
          "kg": 70,
          "repetition": 10,
          "rest": 60,
        },
      ],
      "type": "repetition",
    },
    "3": Object {
      "done": false,
      "id": 3,
      "name": "Abs",
      "steps": Array [
        Object {
          "done": true,
          "duration": 120,
          "rest": 60,
        },
        Object {
          "done": false,
          "duration": 120,
          "rest": 60,
        },
        Object {
          "done": false,
          "duration": 120,
          "rest": 60,
        },
        Object {
          "done": false,
          "duration": 120,
          "rest": 60,
        },
      ],
      "type": "timed",
    },
  },
  "error": null,
  "ids": Array [
    1,
    2,
    3,
  ],
  "loading": false,
}
`;

exports[`exercise/reducer exercises should add exercise 1`] = `
Object {
  "byId": Object {},
  "error": null,
  "ids": Array [],
  "loading": false,
}
`;

exports[`exercise/reducer exercises should add exercise 2`] = `
Object {
  "byId": Object {
    "1": Object {
      "done": true,
      "id": 1,
      "name": "Chess press",
      "steps": Array [
        Object {
          "done": true,
          "kg": 30,
          "repetition": 15,
          "rest": 60,
        },
        Object {
          "done": true,
          "kg": 30,
          "repetition": 10,
          "rest": 60,
        },
        Object {
          "done": true,
          "kg": 30,
          "repetition": 10,
          "rest": 60,
        },
        Object {
          "done": true,
          "kg": 30,
          "repetition": 10,
          "rest": 60,
        },
      ],
      "type": "repetition",
    },
  },
  "error": null,
  "ids": Array [
    1,
  ],
  "loading": false,
}
`;

exports[`exercise/reducer exercises should add exercise 3`] = `
Object {
  "byId": Object {},
  "error": null,
  "ids": Array [],
  "loading": false,
}
`;

exports[`exercise/reducer exercises should cancel an exercise 1`] = `
Object {
  "byId": Object {
    "1": Object {
      "done": false,
      "id": 1,
      "name": "Chess press",
      "steps": Array [
        Object {
          "done": false,
          "kg": 30,
          "repetition": 15,
          "rest": 60,
        },
        Object {
          "done": false,
          "kg": 30,
          "repetition": 10,
          "rest": 60,
        },
        Object {
          "done": false,
          "kg": 30,
          "repetition": 10,
          "rest": 60,
        },
        Object {
          "done": false,
          "kg": 30,
          "repetition": 10,
          "rest": 60,
        },
      ],
      "type": "repetition",
    },
    "2": Object {
      "done": false,
      "id": 2,
      "name": "Leg press",
      "steps": Array [
        Object {
          "done": false,
          "kg": 70,
          "repetition": 15,
          "rest": 60,
        },
        Object {
          "done": false,
          "kg": 70,
          "repetition": 10,
          "rest": 60,
        },
        Object {
          "done": false,
          "kg": 70,
          "repetition": 10,
          "rest": 60,
        },
        Object {
          "done": false,
          "kg": 70,
          "repetition": 10,
          "rest": 60,
        },
      ],
      "type": "repetition",
    },
    "3": Object {
      "done": false,
      "id": 3,
      "name": "Abs",
      "steps": Array [
        Object {
          "done": true,
          "duration": 120,
          "rest": 60,
        },
        Object {
          "done": false,
          "duration": 120,
          "rest": 60,
        },
        Object {
          "done": false,
          "duration": 120,
          "rest": 60,
        },
        Object {
          "done": false,
          "duration": 120,
          "rest": 60,
        },
      ],
      "type": "timed",
    },
  },
  "error": null,
  "ids": Array [
    1,
    2,
    3,
  ],
  "loading": false,
}
`;

exports[`exercise/reducer exercises should cancel an exercise 2`] = `
Object {
  "byId": Object {
    "1": Object {
      "done": false,
      "id": 1,
      "name": "Chess press",
      "steps": Array [
        Object {
          "done": false,
          "kg": 30,
          "repetition": 15,
          "rest": 60,
        },
        Object {
          "done": false,
          "kg": 30,
          "repetition": 10,
          "rest": 60,
        },
        Object {
          "done": false,
          "kg": 30,
          "repetition": 10,
          "rest": 60,
        },
        Object {
          "done": false,
          "kg": 30,
          "repetition": 10,
          "rest": 60,
        },
      ],
      "type": "repetition",
    },
    "2": Object {
      "done": false,
      "id": 2,
      "name": "Leg press",
      "steps": Array [
        Object {
          "done": false,
          "kg": 70,
          "repetition": 15,
          "rest": 60,
        },
        Object {
          "done": false,
          "kg": 70,
          "repetition": 10,
          "rest": 60,
        },
        Object {
          "done": false,
          "kg": 70,
          "repetition": 10,
          "rest": 60,
        },
        Object {
          "done": false,
          "kg": 70,
          "repetition": 10,
          "rest": 60,
        },
      ],
      "type": "repetition",
    },
    "3": Object {
      "done": false,
      "id": 3,
      "name": "Abs",
      "steps": Array [
        Object {
          "done": true,
          "duration": 120,
          "rest": 60,
        },
        Object {
          "done": false,
          "duration": 120,
          "rest": 60,
        },
        Object {
          "done": false,
          "duration": 120,
          "rest": 60,
        },
        Object {
          "done": false,
          "duration": 120,
          "rest": 60,
        },
      ],
      "type": "timed",
    },
  },
  "error": null,
  "ids": Array [
    1,
    2,
    3,
  ],
  "loading": false,
}
`;

exports[`exercise/reducer exercises should cancel an exercise 3`] = `
Object {
  "byId": Object {
    "1": Object {
      "done": true,
      "id": 1,
      "name": "Chess press",
      "steps": Array [
        Object {
          "done": true,
          "kg": 30,
          "repetition": 15,
          "rest": 60,
        },
        Object {
          "done": true,
          "kg": 30,
          "repetition": 10,
          "rest": 60,
        },
        Object {
          "done": true,
          "kg": 30,
          "repetition": 10,
          "rest": 60,
        },
        Object {
          "done": true,
          "kg": 30,
          "repetition": 10,
          "rest": 60,
        },
      ],
      "type": "repetition",
    },
    "2": Object {
      "done": false,
      "id": 2,
      "name": "Leg press",
      "steps": Array [
        Object {
          "done": false,
          "kg": 70,
          "repetition": 15,
          "rest": 60,
        },
        Object {
          "done": false,
          "kg": 70,
          "repetition": 10,
          "rest": 60,
        },
        Object {
          "done": false,
          "kg": 70,
          "repetition": 10,
          "rest": 60,
        },
        Object {
          "done": false,
          "kg": 70,
          "repetition": 10,
          "rest": 60,
        },
      ],
      "type": "repetition",
    },
    "3": Object {
      "done": false,
      "id": 3,
      "name": "Abs",
      "steps": Array [
        Object {
          "done": true,
          "duration": 120,
          "rest": 60,
        },
        Object {
          "done": false,
          "duration": 120,
          "rest": 60,
        },
        Object {
          "done": false,
          "duration": 120,
          "rest": 60,
        },
        Object {
          "done": false,
          "duration": 120,
          "rest": 60,
        },
      ],
      "type": "timed",
    },
  },
  "error": null,
  "ids": Array [
    1,
    2,
    3,
  ],
  "loading": false,
}
`;

exports[`exercise/reducer exercises should cancel an exercise step 1`] = `
Object {
  "byId": Object {
    "1": Object {
      "done": true,
      "id": 1,
      "name": "Chess press",
      "steps": Array [
        Object {
          "done": true,
          "kg": 30,
          "repetition": 15,
          "rest": 60,
        },
        Object {
          "done": true,
          "kg": 30,
          "repetition": 10,
          "rest": 60,
        },
        Object {
          "done": true,
          "kg": 30,
          "repetition": 10,
          "rest": 60,
        },
        Object {
          "done": true,
          "kg": 30,
          "repetition": 10,
          "rest": 60,
        },
      ],
      "type": "repetition",
    },
    "2": Object {
      "done": false,
      "id": 2,
      "name": "Leg press",
      "steps": Array [
        Object {
          "done": false,
          "kg": 70,
          "repetition": 15,
          "rest": 60,
        },
        Object {
          "done": false,
          "kg": 70,
          "repetition": 10,
          "rest": 60,
        },
        Object {
          "done": false,
          "kg": 70,
          "repetition": 10,
          "rest": 60,
        },
        Object {
          "done": false,
          "kg": 70,
          "repetition": 10,
          "rest": 60,
        },
      ],
      "type": "repetition",
    },
    "3": Object {
      "done": false,
      "id": 3,
      "name": "Abs",
      "steps": Array [
        Object {
          "done": false,
          "duration": 120,
          "rest": 60,
        },
        Object {
          "done": false,
          "duration": 120,
          "rest": 60,
        },
        Object {
          "done": false,
          "duration": 120,
          "rest": 60,
        },
        Object {
          "done": false,
          "duration": 120,
          "rest": 60,
        },
      ],
      "type": "timed",
    },
  },
  "error": null,
  "ids": Array [
    1,
    2,
    3,
  ],
  "loading": false,
}
`;

exports[`exercise/reducer exercises should cancel an exercise step 2`] = `
Object {
  "byId": Object {
    "1": Object {
      "done": true,
      "id": 1,
      "name": "Chess press",
      "steps": Array [
        Object {
          "done": true,
          "kg": 30,
          "repetition": 15,
          "rest": 60,
        },
        Object {
          "done": true,
          "kg": 30,
          "repetition": 10,
          "rest": 60,
        },
        Object {
          "done": true,
          "kg": 30,
          "repetition": 10,
          "rest": 60,
        },
        Object {
          "done": true,
          "kg": 30,
          "repetition": 10,
          "rest": 60,
        },
      ],
      "type": "repetition",
    },
    "2": Object {
      "done": false,
      "id": 2,
      "name": "Leg press",
      "steps": Array [
        Object {
          "done": false,
          "kg": 70,
          "repetition": 15,
          "rest": 60,
        },
        Object {
          "done": false,
          "kg": 70,
          "repetition": 10,
          "rest": 60,
        },
        Object {
          "done": false,
          "kg": 70,
          "repetition": 10,
          "rest": 60,
        },
        Object {
          "done": false,
          "kg": 70,
          "repetition": 10,
          "rest": 60,
        },
      ],
      "type": "repetition",
    },
    "3": Object {
      "done": false,
      "id": 3,
      "name": "Abs",
      "steps": Array [
        Object {
          "done": false,
          "duration": 120,
          "rest": 60,
        },
        Object {
          "done": false,
          "duration": 120,
          "rest": 60,
        },
        Object {
          "done": false,
          "duration": 120,
          "rest": 60,
        },
        Object {
          "done": false,
          "duration": 120,
          "rest": 60,
        },
      ],
      "type": "timed",
    },
  },
  "error": null,
  "ids": Array [
    1,
    2,
    3,
  ],
  "loading": false,
}
`;

exports[`exercise/reducer exercises should cancel an exercise step 3`] = `
Object {
  "byId": Object {
    "1": Object {
      "done": true,
      "id": 1,
      "name": "Chess press",
      "steps": Array [
        Object {
          "done": true,
          "kg": 30,
          "repetition": 15,
          "rest": 60,
        },
        Object {
          "done": true,
          "kg": 30,
          "repetition": 10,
          "rest": 60,
        },
        Object {
          "done": true,
          "kg": 30,
          "repetition": 10,
          "rest": 60,
        },
        Object {
          "done": true,
          "kg": 30,
          "repetition": 10,
          "rest": 60,
        },
      ],
      "type": "repetition",
    },
    "2": Object {
      "done": false,
      "id": 2,
      "name": "Leg press",
      "steps": Array [
        Object {
          "done": false,
          "kg": 70,
          "repetition": 15,
          "rest": 60,
        },
        Object {
          "done": false,
          "kg": 70,
          "repetition": 10,
          "rest": 60,
        },
        Object {
          "done": false,
          "kg": 70,
          "repetition": 10,
          "rest": 60,
        },
        Object {
          "done": false,
          "kg": 70,
          "repetition": 10,
          "rest": 60,
        },
      ],
      "type": "repetition",
    },
    "3": Object {
      "done": false,
      "id": 3,
      "name": "Abs",
      "steps": Array [
        Object {
          "done": true,
          "duration": 120,
          "rest": 60,
        },
        Object {
          "done": false,
          "duration": 120,
          "rest": 60,
        },
        Object {
          "done": false,
          "duration": 120,
          "rest": 60,
        },
        Object {
          "done": false,
          "duration": 120,
          "rest": 60,
        },
      ],
      "type": "timed",
    },
  },
  "error": null,
  "ids": Array [
    1,
    2,
    3,
  ],
  "loading": false,
}
`;

exports[`exercise/reducer exercises should delete exercise 1`] = `
Object {
  "byId": Object {
    "1": Object {
      "deleting": true,
      "done": true,
      "id": 1,
      "name": "Chess press",
      "steps": Array [
        Object {
          "done": true,
          "kg": 30,
          "repetition": 15,
          "rest": 60,
        },
        Object {
          "done": true,
          "kg": 30,
          "repetition": 10,
          "rest": 60,
        },
        Object {
          "done": true,
          "kg": 30,
          "repetition": 10,
          "rest": 60,
        },
        Object {
          "done": true,
          "kg": 30,
          "repetition": 10,
          "rest": 60,
        },
      ],
      "type": "repetition",
    },
    "2": Object {
      "done": false,
      "id": 2,
      "name": "Leg press",
      "steps": Array [
        Object {
          "done": false,
          "kg": 70,
          "repetition": 15,
          "rest": 60,
        },
        Object {
          "done": false,
          "kg": 70,
          "repetition": 10,
          "rest": 60,
        },
        Object {
          "done": false,
          "kg": 70,
          "repetition": 10,
          "rest": 60,
        },
        Object {
          "done": false,
          "kg": 70,
          "repetition": 10,
          "rest": 60,
        },
      ],
      "type": "repetition",
    },
    "3": Object {
      "done": false,
      "id": 3,
      "name": "Abs",
      "steps": Array [
        Object {
          "done": true,
          "duration": 120,
          "rest": 60,
        },
        Object {
          "done": false,
          "duration": 120,
          "rest": 60,
        },
        Object {
          "done": false,
          "duration": 120,
          "rest": 60,
        },
        Object {
          "done": false,
          "duration": 120,
          "rest": 60,
        },
      ],
      "type": "timed",
    },
  },
  "error": null,
  "ids": Array [
    1,
    2,
    3,
  ],
  "loading": false,
}
`;

exports[`exercise/reducer exercises should delete exercise 2`] = `
Object {
  "byId": Object {
    "2": Object {
      "done": false,
      "id": 2,
      "name": "Leg press",
      "steps": Array [
        Object {
          "done": false,
          "kg": 70,
          "repetition": 15,
          "rest": 60,
        },
        Object {
          "done": false,
          "kg": 70,
          "repetition": 10,
          "rest": 60,
        },
        Object {
          "done": false,
          "kg": 70,
          "repetition": 10,
          "rest": 60,
        },
        Object {
          "done": false,
          "kg": 70,
          "repetition": 10,
          "rest": 60,
        },
      ],
      "type": "repetition",
    },
    "3": Object {
      "done": false,
      "id": 3,
      "name": "Abs",
      "steps": Array [
        Object {
          "done": true,
          "duration": 120,
          "rest": 60,
        },
        Object {
          "done": false,
          "duration": 120,
          "rest": 60,
        },
        Object {
          "done": false,
          "duration": 120,
          "rest": 60,
        },
        Object {
          "done": false,
          "duration": 120,
          "rest": 60,
        },
      ],
      "type": "timed",
    },
  },
  "error": null,
  "ids": Array [
    2,
    3,
  ],
  "loading": false,
}
`;

exports[`exercise/reducer exercises should delete exercise 3`] = `
Object {
  "byId": Object {
    "1": Object {
      "deleting": false,
      "done": true,
      "id": 1,
      "name": "Chess press",
      "steps": Array [
        Object {
          "done": true,
          "kg": 30,
          "repetition": 15,
          "rest": 60,
        },
        Object {
          "done": true,
          "kg": 30,
          "repetition": 10,
          "rest": 60,
        },
        Object {
          "done": true,
          "kg": 30,
          "repetition": 10,
          "rest": 60,
        },
        Object {
          "done": true,
          "kg": 30,
          "repetition": 10,
          "rest": 60,
        },
      ],
      "type": "repetition",
    },
    "2": Object {
      "done": false,
      "id": 2,
      "name": "Leg press",
      "steps": Array [
        Object {
          "done": false,
          "kg": 70,
          "repetition": 15,
          "rest": 60,
        },
        Object {
          "done": false,
          "kg": 70,
          "repetition": 10,
          "rest": 60,
        },
        Object {
          "done": false,
          "kg": 70,
          "repetition": 10,
          "rest": 60,
        },
        Object {
          "done": false,
          "kg": 70,
          "repetition": 10,
          "rest": 60,
        },
      ],
      "type": "repetition",
    },
    "3": Object {
      "done": false,
      "id": 3,
      "name": "Abs",
      "steps": Array [
        Object {
          "done": true,
          "duration": 120,
          "rest": 60,
        },
        Object {
          "done": false,
          "duration": 120,
          "rest": 60,
        },
        Object {
          "done": false,
          "duration": 120,
          "rest": 60,
        },
        Object {
          "done": false,
          "duration": 120,
          "rest": 60,
        },
      ],
      "type": "timed",
    },
  },
  "error": null,
  "ids": Array [
    1,
    2,
    3,
  ],
  "loading": false,
}
`;

exports[`exercise/reducer exercises should fetch a specific exercise 1`] = `
Object {
  "byId": Object {},
  "error": null,
  "ids": Array [],
  "loading": false,
}
`;

exports[`exercise/reducer exercises should fetch a specific exercise 2`] = `
Object {
  "byId": Object {
    "1": Object {
      "done": true,
      "id": 1,
      "name": "Chess press",
      "steps": Array [
        Object {
          "done": true,
          "kg": 30,
          "repetition": 15,
          "rest": 60,
        },
        Object {
          "done": true,
          "kg": 30,
          "repetition": 10,
          "rest": 60,
        },
        Object {
          "done": true,
          "kg": 30,
          "repetition": 10,
          "rest": 60,
        },
        Object {
          "done": true,
          "kg": 30,
          "repetition": 10,
          "rest": 60,
        },
      ],
      "type": "repetition",
    },
  },
  "error": null,
  "ids": Array [
    1,
  ],
  "loading": false,
}
`;

exports[`exercise/reducer exercises should fetch a specific exercise 3`] = `
Object {
  "byId": Object {},
  "error": null,
  "ids": Array [],
  "loading": false,
}
`;

exports[`exercise/reducer exercises should fetch all exercises 1`] = `
Object {
  "byId": Object {},
  "error": null,
  "ids": Array [],
  "loading": true,
}
`;

exports[`exercise/reducer exercises should fetch all exercises 2`] = `
Object {
  "byId": Object {
    "1": Object {
      "done": true,
      "id": 1,
      "name": "Chess press",
      "steps": Array [
        Object {
          "done": true,
          "kg": 30,
          "repetition": 15,
          "rest": 60,
        },
        Object {
          "done": true,
          "kg": 30,
          "repetition": 10,
          "rest": 60,
        },
        Object {
          "done": true,
          "kg": 30,
          "repetition": 10,
          "rest": 60,
        },
        Object {
          "done": true,
          "kg": 30,
          "repetition": 10,
          "rest": 60,
        },
      ],
      "type": "repetition",
    },
    "2": Object {
      "done": false,
      "id": 2,
      "name": "Leg press",
      "steps": Array [
        Object {
          "done": false,
          "kg": 70,
          "repetition": 15,
          "rest": 60,
        },
        Object {
          "done": false,
          "kg": 70,
          "repetition": 10,
          "rest": 60,
        },
        Object {
          "done": false,
          "kg": 70,
          "repetition": 10,
          "rest": 60,
        },
        Object {
          "done": false,
          "kg": 70,
          "repetition": 10,
          "rest": 60,
        },
      ],
      "type": "repetition",
    },
    "3": Object {
      "done": false,
      "id": 3,
      "name": "Abs",
      "steps": Array [
        Object {
          "done": true,
          "duration": 120,
          "rest": 60,
        },
        Object {
          "done": false,
          "duration": 120,
          "rest": 60,
        },
        Object {
          "done": false,
          "duration": 120,
          "rest": 60,
        },
        Object {
          "done": false,
          "duration": 120,
          "rest": 60,
        },
      ],
      "type": "timed",
    },
  },
  "error": null,
  "ids": Array [
    1,
    2,
    3,
  ],
  "loading": false,
}
`;

exports[`exercise/reducer exercises should fetch all exercises 3`] = `
Object {
  "byId": Object {},
  "error": Object {
    "message": "A failure message",
  },
  "ids": Array [],
  "loading": false,
}
`;

exports[`exercise/reducer exercises should pause an exercise 1`] = `
Object {
  "byId": Object {
    "1": Object {
      "done": true,
      "id": 1,
      "name": "Chess press",
      "steps": Array [
        Object {
          "done": true,
          "kg": 30,
          "repetition": 15,
          "rest": 60,
        },
        Object {
          "done": true,
          "kg": 30,
          "repetition": 10,
          "rest": 60,
        },
        Object {
          "done": true,
          "kg": 30,
          "repetition": 10,
          "rest": 60,
        },
        Object {
          "done": true,
          "kg": 30,
          "repetition": 10,
          "rest": 60,
        },
      ],
      "type": "repetition",
    },
    "2": Object {
      "done": false,
      "id": 2,
      "name": "Leg press",
      "progress": Object {
        "pausedAt": 2018-01-01T00:00:00.000Z,
        "status": "paused",
      },
      "steps": Array [
        Object {
          "done": false,
          "kg": 70,
          "repetition": 15,
          "rest": 60,
        },
        Object {
          "done": false,
          "kg": 70,
          "repetition": 10,
          "rest": 60,
        },
        Object {
          "done": false,
          "kg": 70,
          "repetition": 10,
          "rest": 60,
        },
        Object {
          "done": false,
          "kg": 70,
          "repetition": 10,
          "rest": 60,
        },
      ],
      "type": "repetition",
    },
    "3": Object {
      "done": false,
      "id": 3,
      "name": "Abs",
      "steps": Array [
        Object {
          "done": true,
          "duration": 120,
          "rest": 60,
        },
        Object {
          "done": false,
          "duration": 120,
          "rest": 60,
        },
        Object {
          "done": false,
          "duration": 120,
          "rest": 60,
        },
        Object {
          "done": false,
          "duration": 120,
          "rest": 60,
        },
      ],
      "type": "timed",
    },
  },
  "error": null,
  "ids": Array [
    1,
    2,
    3,
  ],
  "loading": false,
}
`;

exports[`exercise/reducer exercises should start an exercise 1`] = `
Object {
  "byId": Object {
    "1": Object {
      "done": true,
      "id": 1,
      "name": "Chess press",
      "steps": Array [
        Object {
          "done": true,
          "kg": 30,
          "repetition": 15,
          "rest": 60,
        },
        Object {
          "done": true,
          "kg": 30,
          "repetition": 10,
          "rest": 60,
        },
        Object {
          "done": true,
          "kg": 30,
          "repetition": 10,
          "rest": 60,
        },
        Object {
          "done": true,
          "kg": 30,
          "repetition": 10,
          "rest": 60,
        },
      ],
      "type": "repetition",
    },
    "2": Object {
      "done": false,
      "id": 2,
      "name": "Leg press",
      "progress": Object {
        "startedAt": 2018-01-01T00:00:00.000Z,
        "status": "started",
      },
      "steps": Array [
        Object {
          "done": false,
          "kg": 70,
          "repetition": 15,
          "rest": 60,
        },
        Object {
          "done": false,
          "kg": 70,
          "repetition": 10,
          "rest": 60,
        },
        Object {
          "done": false,
          "kg": 70,
          "repetition": 10,
          "rest": 60,
        },
        Object {
          "done": false,
          "kg": 70,
          "repetition": 10,
          "rest": 60,
        },
      ],
      "type": "repetition",
    },
    "3": Object {
      "done": false,
      "id": 3,
      "name": "Abs",
      "steps": Array [
        Object {
          "done": true,
          "duration": 120,
          "rest": 60,
        },
        Object {
          "done": false,
          "duration": 120,
          "rest": 60,
        },
        Object {
          "done": false,
          "duration": 120,
          "rest": 60,
        },
        Object {
          "done": false,
          "duration": 120,
          "rest": 60,
        },
      ],
      "type": "timed",
    },
  },
  "error": null,
  "ids": Array [
    1,
    2,
    3,
  ],
  "loading": false,
}
`;

exports[`exercise/reducer exercises should stop an exercise 1`] = `
Object {
  "byId": Object {
    "1": Object {
      "done": true,
      "id": 1,
      "name": "Chess press",
      "steps": Array [
        Object {
          "done": true,
          "kg": 30,
          "repetition": 15,
          "rest": 60,
        },
        Object {
          "done": true,
          "kg": 30,
          "repetition": 10,
          "rest": 60,
        },
        Object {
          "done": true,
          "kg": 30,
          "repetition": 10,
          "rest": 60,
        },
        Object {
          "done": true,
          "kg": 30,
          "repetition": 10,
          "rest": 60,
        },
      ],
      "type": "repetition",
    },
    "2": Object {
      "done": false,
      "id": 2,
      "name": "Leg press",
      "progress": Object {
        "status": "stopped",
        "stoppedAt": 2018-01-01T00:00:00.000Z,
      },
      "steps": Array [
        Object {
          "done": false,
          "kg": 70,
          "repetition": 15,
          "rest": 60,
        },
        Object {
          "done": false,
          "kg": 70,
          "repetition": 10,
          "rest": 60,
        },
        Object {
          "done": false,
          "kg": 70,
          "repetition": 10,
          "rest": 60,
        },
        Object {
          "done": false,
          "kg": 70,
          "repetition": 10,
          "rest": 60,
        },
      ],
      "type": "repetition",
    },
    "3": Object {
      "done": false,
      "id": 3,
      "name": "Abs",
      "steps": Array [
        Object {
          "done": true,
          "duration": 120,
          "rest": 60,
        },
        Object {
          "done": false,
          "duration": 120,
          "rest": 60,
        },
        Object {
          "done": false,
          "duration": 120,
          "rest": 60,
        },
        Object {
          "done": false,
          "duration": 120,
          "rest": 60,
        },
      ],
      "type": "timed",
    },
  },
  "error": null,
  "ids": Array [
    1,
    2,
    3,
  ],
  "loading": false,
}
`;
